[   42238ms] [ERROR] Failed to load resource: the server responded with a status of 502 (Bad Gateway) @ http://localhost:8773/api/dyngw/Registry?sap-client=100:0
[   84402ms] [ERROR] Failed to load resource: net::ERR_EMPTY_RESPONSE @ http://localhost:8773/api/dyngw/CallLog/com.sap.gateway.srvd_a2x.zfs_sd_dyngw.v0001.RunQuery?sap-client=100:0
[   84417ms] [ERROR] Failed to load resource: net::ERR_EMPTY_RESPONSE @ http://localhost:8773/api/dyngw/CallLog/com.sap.gateway.srvd_a2x.zfs_sd_dyngw.v0001.RunQuery?sap-client=100:0
[   84419ms] [ERROR] Failed to load resource: net::ERR_EMPTY_RESPONSE @ http://localhost:8773/api/dyngw/CallLog/com.sap.gateway.srvd_a2x.zfs_sd_dyngw.v0001.RunQuery?sap-client=100:0
[   84424ms] [ERROR] Failed to load resource: net::ERR_EMPTY_RESPONSE @ http://localhost:8773/api/dyngw/CallLog/com.sap.gateway.srvd_a2x.zfs_sd_dyngw.v0001.RunQuery?sap-client=100:0
[  114407ms] [ERROR] Failed to load resource: net::ERR_EMPTY_RESPONSE @ http://localhost:8773/api/dyngw/CallLog/com.sap.gateway.srvd_a2x.zfs_sd_dyngw.v0001.RunQuery?sap-client=100:0
[  126520ms] [ERROR] Failed to load resource: net::ERR_EMPTY_RESPONSE @ http://localhost:8773/api/dyngw/CallLog/com.sap.gateway.srvd_a2x.zfs_sd_dyngw.v0001.RunQuery?sap-client=100:0
[  126522ms] [ERROR] Failed to load resource: net::ERR_EMPTY_RESPONSE @ http://localhost:8773/api/dyngw/CallLog/com.sap.gateway.srvd_a2x.zfs_sd_dyngw.v0001.RunQuery?sap-client=100:0
[  126522ms] [ERROR] Failed to load resource: net::ERR_EMPTY_RESPONSE @ http://localhost:8773/api/dyngw/CallLog/com.sap.gateway.srvd_a2x.zfs_sd_dyngw.v0001.RunQuery?sap-client=100:0
[  126530ms] [ERROR] Failed to load resource: net::ERR_EMPTY_RESPONSE @ http://localhost:8773/api/dyngw/CallLog/com.sap.gateway.srvd_a2x.zfs_sd_dyngw.v0001.RunQuery?sap-client=100:0
[  132192ms] [ERROR] Failed to load resource: net::ERR_EMPTY_RESPONSE @ http://localhost:8773/api/dyngw/CallLog/com.sap.gateway.srvd_a2x.zfs_sd_dyngw.v0001.RunQuery?sap-client=100:0
[  162264ms] [ERROR] Failed to load resource: net::ERR_EMPTY_RESPONSE @ http://localhost:8773/api/dyngw/CallLog/com.sap.gateway.srvd_a2x.zfs_sd_dyngw.v0001.RunQuery?sap-client=100:0
[  192243ms] [ERROR] Failed to load resource: net::ERR_EMPTY_RESPONSE @ http://localhost:8773/api/dyngw/CallLog/com.sap.gateway.srvd_a2x.zfs_sd_dyngw.v0001.RunQuery?sap-client=100:0
[  222214ms] [ERROR] Failed to load resource: net::ERR_EMPTY_RESPONSE @ http://localhost:8773/api/dyngw/CallLog/com.sap.gateway.srvd_a2x.zfs_sd_dyngw.v0001.RunQuery?sap-client=100:0
[  252242ms] [ERROR] Failed to load resource: net::ERR_EMPTY_RESPONSE @ http://localhost:8773/api/dyngw/CallLog/com.sap.gateway.srvd_a2x.zfs_sd_dyngw.v0001.RunQuery?sap-client=100:0
[  282222ms] [ERROR] Failed to load resource: net::ERR_EMPTY_RESPONSE @ http://localhost:8773/api/dyngw/CallLog/com.sap.gateway.srvd_a2x.zfs_sd_dyngw.v0001.RunQuery?sap-client=100:0
[  312245ms] [ERROR] Failed to load resource: net::ERR_EMPTY_RESPONSE @ http://localhost:8773/api/dyngw/CallLog/com.sap.gateway.srvd_a2x.zfs_sd_dyngw.v0001.RunQuery?sap-client=100:0
[  342228ms] [ERROR] Failed to load resource: net::ERR_EMPTY_RESPONSE @ http://localhost:8773/api/dyngw/CallLog/com.sap.gateway.srvd_a2x.zfs_sd_dyngw.v0001.RunQuery?sap-client=100:0
[  372217ms] [ERROR] Failed to load resource: net::ERR_EMPTY_RESPONSE @ http://localhost:8773/api/dyngw/CallLog/com.sap.gateway.srvd_a2x.zfs_sd_dyngw.v0001.RunQuery?sap-client=100:0
[  402245ms] [ERROR] Failed to load resource: net::ERR_EMPTY_RESPONSE @ http://localhost:8773/api/dyngw/CallLog/com.sap.gateway.srvd_a2x.zfs_sd_dyngw.v0001.RunQuery?sap-client=100:0
[  432231ms] [ERROR] Failed to load resource: net::ERR_EMPTY_RESPONSE @ http://localhost:8773/api/dyngw/CallLog/com.sap.gateway.srvd_a2x.zfs_sd_dyngw.v0001.RunQuery?sap-client=100:0
[  462237ms] [ERROR] Failed to load resource: net::ERR_EMPTY_RESPONSE @ http://localhost:8773/api/dyngw/CallLog/com.sap.gateway.srvd_a2x.zfs_sd_dyngw.v0001.RunQuery?sap-client=100:0
[  492221ms] [ERROR] Failed to load resource: net::ERR_EMPTY_RESPONSE @ http://localhost:8773/api/dyngw/CallLog/com.sap.gateway.srvd_a2x.zfs_sd_dyngw.v0001.RunQuery?sap-client=100:0
[  522230ms] [ERROR] Failed to load resource: net::ERR_EMPTY_RESPONSE @ http://localhost:8773/api/dyngw/CallLog/com.sap.gateway.srvd_a2x.zfs_sd_dyngw.v0001.RunQuery?sap-client=100:0
[  552226ms] [ERROR] Failed to load resource: net::ERR_EMPTY_RESPONSE @ http://localhost:8773/api/dyngw/CallLog/com.sap.gateway.srvd_a2x.zfs_sd_dyngw.v0001.RunQuery?sap-client=100:0
[  582231ms] [ERROR] Failed to load resource: net::ERR_EMPTY_RESPONSE @ http://localhost:8773/api/dyngw/CallLog/com.sap.gateway.srvd_a2x.zfs_sd_dyngw.v0001.RunQuery?sap-client=100:0
[  612228ms] [ERROR] Failed to load resource: net::ERR_EMPTY_RESPONSE @ http://localhost:8773/api/dyngw/CallLog/com.sap.gateway.srvd_a2x.zfs_sd_dyngw.v0001.RunQuery?sap-client=100:0
[  642234ms] [ERROR] Failed to load resource: net::ERR_EMPTY_RESPONSE @ http://localhost:8773/api/dyngw/CallLog/com.sap.gateway.srvd_a2x.zfs_sd_dyngw.v0001.RunQuery?sap-client=100:0
[  672245ms] [ERROR] Failed to load resource: net::ERR_EMPTY_RESPONSE @ http://localhost:8773/api/dyngw/CallLog/com.sap.gateway.srvd_a2x.zfs_sd_dyngw.v0001.RunQuery?sap-client=100:0
[  702247ms] [ERROR] Failed to load resource: net::ERR_EMPTY_RESPONSE @ http://localhost:8773/api/dyngw/CallLog/com.sap.gateway.srvd_a2x.zfs_sd_dyngw.v0001.RunQuery?sap-client=100:0
[  732249ms] [ERROR] Failed to load resource: net::ERR_EMPTY_RESPONSE @ http://localhost:8773/api/dyngw/CallLog/com.sap.gateway.srvd_a2x.zfs_sd_dyngw.v0001.RunQuery?sap-client=100:0
[  762221ms] [ERROR] Failed to load resource: net::ERR_EMPTY_RESPONSE @ http://localhost:8773/api/dyngw/CallLog/com.sap.gateway.srvd_a2x.zfs_sd_dyngw.v0001.RunQuery?sap-client=100:0
[  792257ms] [ERROR] Failed to load resource: net::ERR_EMPTY_RESPONSE @ http://localhost:8773/api/dyngw/CallLog/com.sap.gateway.srvd_a2x.zfs_sd_dyngw.v0001.RunQuery?sap-client=100:0
[  822267ms] [ERROR] Failed to load resource: net::ERR_EMPTY_RESPONSE @ http://localhost:8773/api/dyngw/CallLog/com.sap.gateway.srvd_a2x.zfs_sd_dyngw.v0001.RunQuery?sap-client=100:0
[  852226ms] [ERROR] Failed to load resource: net::ERR_EMPTY_RESPONSE @ http://localhost:8773/api/dyngw/CallLog/com.sap.gateway.srvd_a2x.zfs_sd_dyngw.v0001.RunQuery?sap-client=100:0
[  882206ms] [ERROR] Failed to load resource: net::ERR_EMPTY_RESPONSE @ http://localhost:8773/api/dyngw/CallLog/com.sap.gateway.srvd_a2x.zfs_sd_dyngw.v0001.RunQuery?sap-client=100:0
[  912221ms] [ERROR] Failed to load resource: net::ERR_EMPTY_RESPONSE @ http://localhost:8773/api/dyngw/CallLog/com.sap.gateway.srvd_a2x.zfs_sd_dyngw.v0001.RunQuery?sap-client=100:0
[  942255ms] [ERROR] Failed to load resource: net::ERR_EMPTY_RESPONSE @ http://localhost:8773/api/dyngw/CallLog/com.sap.gateway.srvd_a2x.zfs_sd_dyngw.v0001.RunQuery?sap-client=100:0
[  972224ms] [ERROR] Failed to load resource: net::ERR_EMPTY_RESPONSE @ http://localhost:8773/api/dyngw/CallLog/com.sap.gateway.srvd_a2x.zfs_sd_dyngw.v0001.RunQuery?sap-client=100:0
[ 1002256ms] [ERROR] Failed to load resource: net::ERR_EMPTY_RESPONSE @ http://localhost:8773/api/dyngw/CallLog/com.sap.gateway.srvd_a2x.zfs_sd_dyngw.v0001.RunQuery?sap-client=100:0
[ 1032217ms] [ERROR] Failed to load resource: net::ERR_EMPTY_RESPONSE @ http://localhost:8773/api/dyngw/CallLog/com.sap.gateway.srvd_a2x.zfs_sd_dyngw.v0001.RunQuery?sap-client=100:0
[ 1062238ms] [ERROR] Failed to load resource: net::ERR_EMPTY_RESPONSE @ http://localhost:8773/api/dyngw/CallLog/com.sap.gateway.srvd_a2x.zfs_sd_dyngw.v0001.RunQuery?sap-client=100:0
[ 1092228ms] [ERROR] Failed to load resource: net::ERR_EMPTY_RESPONSE @ http://localhost:8773/api/dyngw/CallLog/com.sap.gateway.srvd_a2x.zfs_sd_dyngw.v0001.RunQuery?sap-client=100:0
[ 1122233ms] [ERROR] Failed to load resource: net::ERR_EMPTY_RESPONSE @ http://localhost:8773/api/dyngw/CallLog/com.sap.gateway.srvd_a2x.zfs_sd_dyngw.v0001.RunQuery?sap-client=100:0
[ 1152243ms] [ERROR] Failed to load resource: net::ERR_EMPTY_RESPONSE @ http://localhost:8773/api/dyngw/CallLog/com.sap.gateway.srvd_a2x.zfs_sd_dyngw.v0001.RunQuery?sap-client=100:0
[ 1182233ms] [ERROR] Failed to load resource: net::ERR_EMPTY_RESPONSE @ http://localhost:8773/api/dyngw/CallLog/com.sap.gateway.srvd_a2x.zfs_sd_dyngw.v0001.RunQuery?sap-client=100:0
[ 1212219ms] [ERROR] Failed to load resource: net::ERR_EMPTY_RESPONSE @ http://localhost:8773/api/dyngw/CallLog/com.sap.gateway.srvd_a2x.zfs_sd_dyngw.v0001.RunQuery?sap-client=100:0
[ 1242211ms] [ERROR] Failed to load resource: net::ERR_EMPTY_RESPONSE @ http://localhost:8773/api/dyngw/CallLog/com.sap.gateway.srvd_a2x.zfs_sd_dyngw.v0001.RunQuery?sap-client=100:0
[ 1272240ms] [ERROR] Failed to load resource: net::ERR_EMPTY_RESPONSE @ http://localhost:8773/api/dyngw/CallLog/com.sap.gateway.srvd_a2x.zfs_sd_dyngw.v0001.RunQuery?sap-client=100:0
[ 1302232ms] [ERROR] Failed to load resource: net::ERR_EMPTY_RESPONSE @ http://localhost:8773/api/dyngw/CallLog/com.sap.gateway.srvd_a2x.zfs_sd_dyngw.v0001.RunQuery?sap-client=100:0
[ 1332263ms] [ERROR] Failed to load resource: net::ERR_EMPTY_RESPONSE @ http://localhost:8773/api/dyngw/CallLog/com.sap.gateway.srvd_a2x.zfs_sd_dyngw.v0001.RunQuery?sap-client=100:0
[ 1362228ms] [ERROR] Failed to load resource: net::ERR_EMPTY_RESPONSE @ http://localhost:8773/api/dyngw/CallLog/com.sap.gateway.srvd_a2x.zfs_sd_dyngw.v0001.RunQuery?sap-client=100:0
[ 1392270ms] [ERROR] Failed to load resource: net::ERR_EMPTY_RESPONSE @ http://localhost:8773/api/dyngw/CallLog/com.sap.gateway.srvd_a2x.zfs_sd_dyngw.v0001.RunQuery?sap-client=100:0
[ 1422242ms] [ERROR] Failed to load resource: net::ERR_EMPTY_RESPONSE @ http://localhost:8773/api/dyngw/CallLog/com.sap.gateway.srvd_a2x.zfs_sd_dyngw.v0001.RunQuery?sap-client=100:0
[ 1452219ms] [ERROR] Failed to load resource: net::ERR_EMPTY_RESPONSE @ http://localhost:8773/api/dyngw/CallLog/com.sap.gateway.srvd_a2x.zfs_sd_dyngw.v0001.RunQuery?sap-client=100:0
[ 1482255ms] [ERROR] Failed to load resource: net::ERR_EMPTY_RESPONSE @ http://localhost:8773/api/dyngw/CallLog/com.sap.gateway.srvd_a2x.zfs_sd_dyngw.v0001.RunQuery?sap-client=100:0
[ 1512261ms] [ERROR] Failed to load resource: net::ERR_EMPTY_RESPONSE @ http://localhost:8773/api/dyngw/CallLog/com.sap.gateway.srvd_a2x.zfs_sd_dyngw.v0001.RunQuery?sap-client=100:0
[ 1542221ms] [ERROR] Failed to load resource: net::ERR_EMPTY_RESPONSE @ http://localhost:8773/api/dyngw/CallLog/com.sap.gateway.srvd_a2x.zfs_sd_dyngw.v0001.RunQuery?sap-client=100:0
[ 1572245ms] [ERROR] Failed to load resource: net::ERR_EMPTY_RESPONSE @ http://localhost:8773/api/dyngw/CallLog/com.sap.gateway.srvd_a2x.zfs_sd_dyngw.v0001.RunQuery?sap-client=100:0
[ 1602233ms] [ERROR] Failed to load resource: net::ERR_EMPTY_RESPONSE @ http://localhost:8773/api/dyngw/CallLog/com.sap.gateway.srvd_a2x.zfs_sd_dyngw.v0001.RunQuery?sap-client=100:0
[ 1632262ms] [ERROR] Failed to load resource: net::ERR_EMPTY_RESPONSE @ http://localhost:8773/api/dyngw/CallLog/com.sap.gateway.srvd_a2x.zfs_sd_dyngw.v0001.RunQuery?sap-client=100:0
[ 1662228ms] [ERROR] Failed to load resource: net::ERR_EMPTY_RESPONSE @ http://localhost:8773/api/dyngw/CallLog/com.sap.gateway.srvd_a2x.zfs_sd_dyngw.v0001.RunQuery?sap-client=100:0
[ 1687988ms] [ERROR] Failed to load resource: the server responded with a status of 502 (Bad Gateway) @ http://localhost:8773/api/dyngw/Registry?sap-client=100:0
[ 1704213ms] [ERROR] Failed to load resource: net::ERR_NETWORK_IO_SUSPENDED @ http://localhost:8776/api/dyngw/Registry?sap-client=100:0
[ 1704220ms] [ERROR] Failed to load resource: net::ERR_NETWORK_IO_SUSPENDED @ http://localhost:8776/api/dyngw/CallLog/com.sap.gateway.srvd_a2x.zfs_sd_dyngw.v0001.RunQuery?sap-client=100:0
[ 1704221ms] [ERROR] Failed to load resource: net::ERR_NETWORK_IO_SUSPENDED @ http://localhost:8776/api/dyngw/CallLog/com.sap.gateway.srvd_a2x.zfs_sd_dyngw.v0001.RunQuery?sap-client=100:0
[ 1704221ms] [ERROR] Failed to load resource: net::ERR_NETWORK_IO_SUSPENDED @ http://localhost:8776/api/dyngw/CallLog/com.sap.gateway.srvd_a2x.zfs_sd_dyngw.v0001.RunQuery?sap-client=100:0
[ 1704222ms] [ERROR] Failed to load resource: net::ERR_NETWORK_IO_SUSPENDED @ http://localhost:8776/api/dyngw/CallLog/com.sap.gateway.srvd_a2x.zfs_sd_dyngw.v0001.RunQuery?sap-client=100:0
[ 1704222ms] [ERROR] Failed to load resource: net::ERR_NETWORK_IO_SUSPENDED @ http://localhost:8776/api/dyngw/CallLog/com.sap.gateway.srvd_a2x.zfs_sd_dyngw.v0001.RunQuery?sap-client=100:0
[ 1704223ms] [ERROR] Failed to load resource: net::ERR_NETWORK_IO_SUSPENDED @ http://localhost:8776/api/dyngw/CallLog/com.sap.gateway.srvd_a2x.zfs_sd_dyngw.v0001.RunQuery?sap-client=100:0
[ 1704223ms] [ERROR] Failed to load resource: net::ERR_NETWORK_IO_SUSPENDED @ http://localhost:8776/api/dyngw/CallLog/com.sap.gateway.srvd_a2x.zfs_sd_dyngw.v0001.RunQuery?sap-client=100:0
[ 1704223ms] [ERROR] Failed to load resource: net::ERR_NETWORK_IO_SUSPENDED @ http://localhost:8776/api/dyngw/CallLog/com.sap.gateway.srvd_a2x.zfs_sd_dyngw.v0001.RunQuery?sap-client=100:0
[ 1704224ms] [ERROR] Failed to load resource: net::ERR_NETWORK_IO_SUSPENDED @ http://localhost:8776/api/dyngw/CallLog/com.sap.gateway.srvd_a2x.zfs_sd_dyngw.v0001.RunQuery?sap-client=100:0
[26052763ms] [ERROR] Failed to load resource: net::ERR_EMPTY_RESPONSE @ http://localhost:8776/api/dyngw/CallLog/com.sap.gateway.srvd_a2x.zfs_sd_dyngw.v0001.RunQuery?sap-client=100:0
[31793779ms] [ERROR] Failed to load resource: net::ERR_EMPTY_RESPONSE @ http://localhost:8776/api/dyngw/CallLog/com.sap.gateway.srvd_a2x.zfs_sd_dyngw.v0001.RunQuery?sap-client=100:0
[31807486ms] [ERROR] Failed to load resource: net::ERR_EMPTY_RESPONSE @ http://localhost:8776/api/dyngw/CallLog/com.sap.gateway.srvd_a2x.zfs_sd_dyngw.v0001.RunQuery?sap-client=100:0
[31879532ms] [ERROR] Failed to load resource: net::ERR_EMPTY_RESPONSE @ http://localhost:8776/api/dyngw/CallLog/com.sap.gateway.srvd_a2x.zfs_sd_dyngw.v0001.RunQuery?sap-client=100:0
