[   42159ms] [ERROR] Failed to load resource: the server responded with a status of 502 (Bad Gateway) @ http://localhost:8773/api/dyngw/CallLog/com.sap.gateway.srvd_a2x.zfs_sd_dyngw.v0001.RunQuery?sap-client=100:0
[   42160ms] [ERROR] Failed to load resource: the server responded with a status of 502 (Bad Gateway) @ http://localhost:8773/api/dyngw/Registry?sap-client=100:0
[   42176ms] [ERROR] Failed to load resource: the server responded with a status of 502 (Bad Gateway) @ http://localhost:8773/api/dyngw/CallLog/com.sap.gateway.srvd_a2x.zfs_sd_dyngw.v0001.RunQuery?sap-client=100:0
[   84280ms] [ERROR] Failed to load resource: the server responded with a status of 502 (Bad Gateway) @ http://localhost:8773/api/dyngw/CallLog/com.sap.gateway.srvd_a2x.zfs_sd_dyngw.v0001.RunQuery?sap-client=100:0
[  126354ms] [ERROR] Failed to load resource: the server responded with a status of 502 (Bad Gateway) @ http://localhost:8773/api/dyngw/CallLog/com.sap.gateway.srvd_a2x.zfs_sd_dyngw.v0001.RunQuery?sap-client=100:0
[  168433ms] [ERROR] Failed to load resource: the server responded with a status of 502 (Bad Gateway) @ http://localhost:8773/api/dyngw/CallLog/com.sap.gateway.srvd_a2x.zfs_sd_dyngw.v0001.RunQuery?sap-client=100:0
[  210525ms] [ERROR] Failed to load resource: the server responded with a status of 502 (Bad Gateway) @ http://localhost:8773/api/dyngw/CallLog/com.sap.gateway.srvd_a2x.zfs_sd_dyngw.v0001.RunQuery?sap-client=100:0
[  252771ms] [ERROR] Failed to load resource: the server responded with a status of 502 (Bad Gateway) @ http://localhost:8773/api/dyngw/Registry?$filter=TargetName%20eq%20%27ZFS_SLC_OTTK_BTP%27%20and%20TargetKind%20eq%20%27QURY%27&sap-client=100:0
[  294924ms] [ERROR] Failed to load resource: the server responded with a status of 502 (Bad Gateway) @ http://localhost:8773/api/dyngw/CallLog/com.sap.gateway.srvd_a2x.zfs_sd_dyngw.v0001.ExecuteBatch?sap-client=100:0
[  630111ms] [ERROR] Failed to load resource: the server responded with a status of 502 (Bad Gateway) @ http://localhost:8776/api/dyngw/CallLog/com.sap.gateway.srvd_a2x.zfs_sd_dyngw.v0001.RunQuery?sap-client=100:0
[  630142ms] [ERROR] Failed to load resource: the server responded with a status of 502 (Bad Gateway) @ http://localhost:8776/api/dyngw/CallLog/com.sap.gateway.srvd_a2x.zfs_sd_dyngw.v0001.RunQuery?sap-client=100:0
[  630143ms] [ERROR] Failed to load resource: the server responded with a status of 502 (Bad Gateway) @ http://localhost:8776/api/dyngw/CallLog/com.sap.gateway.srvd_a2x.zfs_sd_dyngw.v0001.RunQuery?sap-client=100:0
[  630143ms] [ERROR] Failed to load resource: the server responded with a status of 502 (Bad Gateway) @ http://localhost:8776/api/dyngw/CallLog/com.sap.gateway.srvd_a2x.zfs_sd_dyngw.v0001.RunQuery?sap-client=100:0
[  630143ms] [ERROR] Failed to load resource: the server responded with a status of 502 (Bad Gateway) @ http://localhost:8776/api/dyngw/CallLog/com.sap.gateway.srvd_a2x.zfs_sd_dyngw.v0001.RunQuery?sap-client=100:0
[ 1100371ms] [ERROR] Failed to load resource: the server responded with a status of 502 (Bad Gateway) @ http://localhost:8776/api/dyngw/CallLog/com.sap.gateway.srvd_a2x.zfs_sd_dyngw.v0001.RunQuery?sap-client=100:0
[ 1130401ms] [ERROR] Failed to load resource: the server responded with a status of 502 (Bad Gateway) @ http://localhost:8776/api/dyngw/CallLog/com.sap.gateway.srvd_a2x.zfs_sd_dyngw.v0001.RunQuery?sap-client=100:0
[ 1160361ms] [ERROR] Failed to load resource: the server responded with a status of 502 (Bad Gateway) @ http://localhost:8776/api/dyngw/CallLog/com.sap.gateway.srvd_a2x.zfs_sd_dyngw.v0001.RunQuery?sap-client=100:0
[ 1190400ms] [ERROR] Failed to load resource: the server responded with a status of 502 (Bad Gateway) @ http://localhost:8776/api/dyngw/CallLog/com.sap.gateway.srvd_a2x.zfs_sd_dyngw.v0001.RunQuery?sap-client=100:0
[ 1219584ms] [ERROR] Failed to load resource: net::ERR_CONNECTION_RESET @ http://localhost:8776/api/dyngw/CallLog/com.sap.gateway.srvd_a2x.zfs_sd_dyngw.v0001.RunQuery?sap-client=100:0
[ 1219587ms] [ERROR] Failed to load resource: net::ERR_CONNECTION_REFUSED @ http://localhost:8776/api/dyngw/CallLog/com.sap.gateway.srvd_a2x.zfs_sd_dyngw.v0001.RunQuery?sap-client=100:0
[ 1280444ms] [ERROR] Failed to load resource: net::ERR_EMPTY_RESPONSE @ http://localhost:8776/api/dyngw/CallLog/com.sap.gateway.srvd_a2x.zfs_sd_dyngw.v0001.RunQuery?sap-client=100:0
[ 1310409ms] [ERROR] Failed to load resource: net::ERR_EMPTY_RESPONSE @ http://localhost:8776/api/dyngw/CallLog/com.sap.gateway.srvd_a2x.zfs_sd_dyngw.v0001.RunQuery?sap-client=100:0
[ 1340422ms] [ERROR] Failed to load resource: net::ERR_EMPTY_RESPONSE @ http://localhost:8776/api/dyngw/CallLog/com.sap.gateway.srvd_a2x.zfs_sd_dyngw.v0001.RunQuery?sap-client=100:0
[ 1370408ms] [ERROR] Failed to load resource: net::ERR_EMPTY_RESPONSE @ http://localhost:8776/api/dyngw/CallLog/com.sap.gateway.srvd_a2x.zfs_sd_dyngw.v0001.RunQuery?sap-client=100:0
[ 1400406ms] [ERROR] Failed to load resource: net::ERR_EMPTY_RESPONSE @ http://localhost:8776/api/dyngw/CallLog/com.sap.gateway.srvd_a2x.zfs_sd_dyngw.v0001.RunQuery?sap-client=100:0
[ 1430378ms] [ERROR] Failed to load resource: net::ERR_EMPTY_RESPONSE @ http://localhost:8776/api/dyngw/CallLog/com.sap.gateway.srvd_a2x.zfs_sd_dyngw.v0001.RunQuery?sap-client=100:0
[ 1460381ms] [ERROR] Failed to load resource: net::ERR_EMPTY_RESPONSE @ http://localhost:8776/api/dyngw/CallLog/com.sap.gateway.srvd_a2x.zfs_sd_dyngw.v0001.RunQuery?sap-client=100:0
[ 1490384ms] [ERROR] Failed to load resource: net::ERR_EMPTY_RESPONSE @ http://localhost:8776/api/dyngw/CallLog/com.sap.gateway.srvd_a2x.zfs_sd_dyngw.v0001.RunQuery?sap-client=100:0
[ 1520396ms] [ERROR] Failed to load resource: net::ERR_EMPTY_RESPONSE @ http://localhost:8776/api/dyngw/CallLog/com.sap.gateway.srvd_a2x.zfs_sd_dyngw.v0001.RunQuery?sap-client=100:0
[ 1550377ms] [ERROR] Failed to load resource: net::ERR_EMPTY_RESPONSE @ http://localhost:8776/api/dyngw/CallLog/com.sap.gateway.srvd_a2x.zfs_sd_dyngw.v0001.RunQuery?sap-client=100:0
[ 1580441ms] [ERROR] Failed to load resource: net::ERR_EMPTY_RESPONSE @ http://localhost:8776/api/dyngw/CallLog/com.sap.gateway.srvd_a2x.zfs_sd_dyngw.v0001.RunQuery?sap-client=100:0
[ 1610362ms] [ERROR] Failed to load resource: net::ERR_EMPTY_RESPONSE @ http://localhost:8776/api/dyngw/CallLog/com.sap.gateway.srvd_a2x.zfs_sd_dyngw.v0001.RunQuery?sap-client=100:0
[ 1632456ms] [ERROR] Failed to load resource: net::ERR_CONNECTION_RESET @ http://localhost:8776/api/dyngw/CallLog/com.sap.gateway.srvd_a2x.zfs_sd_dyngw.v0001.RunQuery?sap-client=100:0
[ 1632457ms] [ERROR] Failed to load resource: net::ERR_CONNECTION_RESET @ http://localhost:8776/api/dyngw/CallLog/com.sap.gateway.srvd_a2x.zfs_sd_dyngw.v0001.RunQuery?sap-client=100:0
[ 1700419ms] [ERROR] Failed to load resource: net::ERR_EMPTY_RESPONSE @ http://localhost:8776/api/dyngw/CallLog/com.sap.gateway.srvd_a2x.zfs_sd_dyngw.v0001.RunQuery?sap-client=100:0
