[   17873ms] [ERROR] Access to fetch at 'http://localhost:8766/' from origin 'http://localhost:8765' has been blocked by CORS policy: No 'Access-Control-Allow-Origin' header is present on the requested resource. @ http://localhost:8765/:0
[   17873ms] [ERROR] Failed to load resource: net::ERR_FAILED @ http://localhost:8766/:0
[   18188ms] [ERROR] Access to fetch at 'http://localhost:8767/' from origin 'http://localhost:8765' has been blocked by CORS policy: No 'Access-Control-Allow-Origin' header is present on the requested resource. @ http://localhost:8765/:0
[   18188ms] [ERROR] Failed to load resource: net::ERR_FAILED @ http://localhost:8767/:0
[   18502ms] [ERROR] Access to fetch at 'http://localhost:8768/' from origin 'http://localhost:8765' has been blocked by CORS policy: No 'Access-Control-Allow-Origin' header is present on the requested resource. @ http://localhost:8765/:0
[   18502ms] [ERROR] Failed to load resource: net::ERR_FAILED @ http://localhost:8768/:0
[   18812ms] [ERROR] Access to fetch at 'http://localhost:8769/' from origin 'http://localhost:8765' has been blocked by CORS policy: No 'Access-Control-Allow-Origin' header is present on the requested resource. @ http://localhost:8765/:0
[   18812ms] [ERROR] Failed to load resource: net::ERR_FAILED @ http://localhost:8769/:0
[   19126ms] [ERROR] Access to fetch at 'http://localhost:8770/' from origin 'http://localhost:8765' has been blocked by CORS policy: No 'Access-Control-Allow-Origin' header is present on the requested resource. @ http://localhost:8765/:0
[   19126ms] [ERROR] Failed to load resource: net::ERR_FAILED @ http://localhost:8770/:0
[   19437ms] [ERROR] Access to fetch at 'http://localhost:8771/' from origin 'http://localhost:8765' has been blocked by CORS policy: No 'Access-Control-Allow-Origin' header is present on the requested resource. @ http://localhost:8765/:0
[   19437ms] [ERROR] Failed to load resource: net::ERR_FAILED @ http://localhost:8771/:0
[   42440ms] [ERROR] Failed to load resource: the server responded with a status of 502 (Bad Gateway) @ http://localhost:8765/api/ottk/EntityString:0
[   42456ms] [ERROR] Failed to load resource: the server responded with a status of 502 (Bad Gateway) @ http://localhost:8765/api/ottk/Bank:0
[   42657ms] [ERROR] Failed to load resource: the server responded with a status of 502 (Bad Gateway) @ http://localhost:8765/api/ottk/CoCode:0
[   42766ms] [ERROR] Failed to load resource: the server responded with a status of 502 (Bad Gateway) @ http://localhost:8765/api/dttk/SlcDttkDetail:0
[   42783ms] [ERROR] Failed to load resource: the server responded with a status of 502 (Bad Gateway) @ http://localhost:8765/api/ottk/SlcOttkDetail:0
[   84532ms] [ERROR] Failed to load resource: the server responded with a status of 502 (Bad Gateway) @ http://localhost:8765/api/ottk/RefInt:0
[   84548ms] [ERROR] Failed to load resource: the server responded with a status of 502 (Bad Gateway) @ http://localhost:8765/api/ottk/FeeType:0
[   84548ms] [ERROR] Failed to load resource: the server responded with a status of 502 (Bad Gateway) @ http://localhost:8765/api/ottk/Bank:0
