[   22205ms] [ERROR] Failed to load resource: the server responded with a status of 502 (Bad Gateway) @ http://localhost:8765/api/ottk/Bank:0
[   22207ms] [ERROR] Failed to load resource: the server responded with a status of 502 (Bad Gateway) @ http://localhost:8765/api/dttk/Bank:0
[   22290ms] [INFO] [ottk-console] build 2026-09-08e @ http://localhost:8765/:879
[   31118ms] [INFO] [ottk-console] DTTK view revealed via ready message @ http://localhost:8765/:844
[   64344ms] [ERROR] Failed to load resource: the server responded with a status of 502 (Bad Gateway) @ http://localhost:8765/api/ottk/CoCode:0
[   64687ms] [ERROR] Failed to load resource: the server responded with a status of 502 (Bad Gateway) @ http://localhost:8765/api/ottk/EntityString:0
[   64688ms] [ERROR] Failed to load resource: the server responded with a status of 502 (Bad Gateway) @ http://localhost:8765/api/ottk/SlcOttkDetail:0
[   64695ms] [ERROR] Failed to load resource: the server responded with a status of 502 (Bad Gateway) @ http://localhost:8765/api/dttk/SlcDttkDetail:0
[   64701ms] [ERROR] Failed to load resource: the server responded with a status of 502 (Bad Gateway) @ http://localhost:8765/api/ottk/Bank:0
[   73179ms] [ERROR] Failed to load resource: the server responded with a status of 502 (Bad Gateway) @ http://localhost:8765/api/dttk/SlcDttkDetail('100039'):0
[  106438ms] [ERROR] Failed to load resource: the server responded with a status of 502 (Bad Gateway) @ http://localhost:8765/api/dttk/Bank:0
[  106785ms] [ERROR] Failed to load resource: the server responded with a status of 502 (Bad Gateway) @ http://localhost:8765/api/ottk/Bank:0
[  106787ms] [ERROR] Failed to load resource: the server responded with a status of 502 (Bad Gateway) @ http://localhost:8765/api/ottk/SlcOttkDetail:0
[  106840ms] [ERROR] Failed to load resource: the server responded with a status of 502 (Bad Gateway) @ http://localhost:8765/api/ottk/EntityString:0
[  106841ms] [ERROR] Failed to load resource: the server responded with a status of 502 (Bad Gateway) @ http://localhost:8765/api/ottk/RefInt:0
[  115281ms] [ERROR] Failed to load resource: the server responded with a status of 502 (Bad Gateway) @ http://localhost:8765/api/ottk/FeeType:0
[  148534ms] [ERROR] Failed to load resource: the server responded with a status of 502 (Bad Gateway) @ http://localhost:8765/api/ottk/CoCode:0
[  148949ms] [ERROR] Failed to load resource: the server responded with a status of 502 (Bad Gateway) @ http://localhost:8765/api/dttk/CFeeType:0
[  148950ms] [ERROR] Failed to load resource: the server responded with a status of 502 (Bad Gateway) @ http://localhost:8765/api/ottk/RefInt:0
[  190620ms] [ERROR] Failed to load resource: the server responded with a status of 502 (Bad Gateway) @ http://localhost:8765/api/dttk/DFeeType:0
